// Jest Snapshot v1, https://goo.gl/fbAQLP

exports[`Tests for <AddCategory /> should show component correctly 1`] = `
<form
  onSubmit={[Function]}
>
  <p>
     
     
  </p>
  <input
    onChange={[Function]}
    type="text"
    value=""
  />
</form>
`;
