// Jest Snapshot v1, https://goo.gl/fbAQLP

exports[`Tests for GifGrid component should show GifGrid component correctly 1`] = `
<Fragment>
  <h3
    className="category animate__animated animate__fadeIn"
  >
     
    pandas
     
  </h3>
  <p
    className="animate__animated animate__flash"
  >
    Loading
  </p>
  <div
    className="card-grid"
  />
</Fragment>
`;
